10/06/2011 
EX_RATE	LOW	HIGH Variation VarPercent
GBP/EUR 1.1500 1.1710 INSERT YOUR CODE HERE
GBP/USD 1.5330 1.5520 INSERT YOUR CODE HERE
GBP/AUD 1.5720 1.6180 INSERT YOUR CODE HERE
EUR/USD	1.3210 1.3440 INSERT YOUR CODE HERE
 
